[     449ms] [LOG] [Fast Refresh] rebuilding @ webpack-internal:///(app-pages-browser)/../../node_modules/.pnpm/next@15.5.22_@playwright+te_f9e1579c3b678f8429446c3a702b4b5d/node_modules/next/dist/client/dev/hot-reloader/app/hot-reloader-app.js:183
[    3691ms] [INFO] %cDownload the React DevTools for a better development experience: https://react.dev/link/react-devtools font-weight:bold @ webpack-internal:///(app-pages-browser)/../../node_modules/.pnpm/next@15.5.22_@playwright+te_f9e1579c3b678f8429446c3a702b4b5d/node_modules/next/dist/compiled/react-dom/cjs/react-dom-client.development.js:25630
[    4017ms] [ERROR] Failed to load resource: the server responded with a status of 401 (Unauthorized) @ http://localhost:3000/api/v1/auth/me:0
[   24133ms] [LOG] [Fast Refresh] rebuilding @ webpack-internal:///(app-pages-browser)/../../node_modules/.pnpm/next@15.5.22_@playwright+te_f9e1579c3b678f8429446c3a702b4b5d/node_modules/next/dist/client/dev/hot-reloader/app/hot-reloader-app.js:183
[   25180ms] [LOG] [Fast Refresh] done in 1047ms @ webpack-internal:///(app-pages-browser)/../../node_modules/.pnpm/next@15.5.22_@playwright+te_f9e1579c3b678f8429446c3a702b4b5d/node_modules/next/dist/client/dev/report-hmr-latency.js:13
[   25541ms] [LOG] [Fast Refresh] rebuilding @ webpack-internal:///(app-pages-browser)/../../node_modules/.pnpm/next@15.5.22_@playwright+te_f9e1579c3b678f8429446c3a702b4b5d/node_modules/next/dist/client/dev/hot-reloader/app/hot-reloader-app.js:183
[   33471ms] [LOG] [Fast Refresh] done in 7930ms @ webpack-internal:///(app-pages-browser)/../../node_modules/.pnpm/next@15.5.22_@playwright+te_f9e1579c3b678f8429446c3a702b4b5d/node_modules/next/dist/client/dev/report-hmr-latency.js:13
[   47836ms] [LOG] [Fast Refresh] rebuilding @ webpack-internal:///(app-pages-browser)/../../node_modules/.pnpm/next@15.5.22_@playwright+te_f9e1579c3b678f8429446c3a702b4b5d/node_modules/next/dist/client/dev/hot-reloader/app/hot-reloader-app.js:183
[   49448ms] [LOG] [Fast Refresh] done in 1613ms @ webpack-internal:///(app-pages-browser)/../../node_modules/.pnpm/next@15.5.22_@playwright+te_f9e1579c3b678f8429446c3a702b4b5d/node_modules/next/dist/client/dev/report-hmr-latency.js:13
[  289056ms] [WARNING] Detected `scroll-behavior: smooth` on the `<html>` element. In a future version, Next.js will no longer automatically disable smooth scrolling during route transitions. To prepare for this change, add `data-scroll-behavior="smooth"` to your <html> element. Learn more: https://nextjs.org/docs/messages/missing-data-scroll-behavior @ webpack-internal:///(app-pages-browser)/../../node_modules/.pnpm/next@15.5.22_@playwright+te_f9e1579c3b678f8429446c3a702b4b5d/node_modules/next/dist/shared/lib/utils/warn-once.js:15
[  300366ms] [LOG] [Fast Refresh] rebuilding @ webpack-internal:///(app-pages-browser)/../../node_modules/.pnpm/next@15.5.22_@playwright+te_f9e1579c3b678f8429446c3a702b4b5d/node_modules/next/dist/client/dev/hot-reloader/app/hot-reloader-app.js:183
[  302097ms] [LOG] [Fast Refresh] done in 1732ms @ webpack-internal:///(app-pages-browser)/../../node_modules/.pnpm/next@15.5.22_@playwright+te_f9e1579c3b678f8429446c3a702b4b5d/node_modules/next/dist/client/dev/report-hmr-latency.js:13
[  377351ms] [ERROR] Failed to load resource: the server responded with a status of 400 (Bad Request) @ http://localhost:3000/api/v1/mfa/webauthn/verify:0
[  387003ms] [ERROR] Failed to load resource: the server responded with a status of 400 (Bad Request) @ http://localhost:3000/api/v1/mfa/webauthn/verify:0
[  629323ms] [LOG] [Fast Refresh] rebuilding @ webpack-internal:///(app-pages-browser)/../../node_modules/.pnpm/next@15.5.22_@playwright+te_f9e1579c3b678f8429446c3a702b4b5d/node_modules/next/dist/client/dev/hot-reloader/app/hot-reloader-app.js:183
[  630822ms] [LOG] [Fast Refresh] done in 1498ms @ webpack-internal:///(app-pages-browser)/../../node_modules/.pnpm/next@15.5.22_@playwright+te_f9e1579c3b678f8429446c3a702b4b5d/node_modules/next/dist/client/dev/report-hmr-latency.js:13
[  763558ms] [ERROR] Failed to load resource: the server responded with a status of 400 (Bad Request) @ http://localhost:3000/api/v1/mfa/webauthn/verify:0
[  806347ms] [ERROR] Failed to load resource: the server responded with a status of 400 (Bad Request) @ http://localhost:3000/api/v1/mfa/totp/verify:0
[ 1351311ms] [ERROR] Failed to load resource: the server responded with a status of 401 (Unauthorized) @ http://localhost:3000/api/v1/auth/me:0
[ 1354191ms] [LOG] [Fast Refresh] rebuilding @ webpack-internal:///(app-pages-browser)/../../node_modules/.pnpm/next@15.5.22_@playwright+te_f9e1579c3b678f8429446c3a702b4b5d/node_modules/next/dist/client/dev/hot-reloader/app/hot-reloader-app.js:183
[ 1357134ms] [LOG] [Fast Refresh] done in 2943ms @ webpack-internal:///(app-pages-browser)/../../node_modules/.pnpm/next@15.5.22_@playwright+te_f9e1579c3b678f8429446c3a702b4b5d/node_modules/next/dist/client/dev/report-hmr-latency.js:13
